../Drivers/CMSIS/Include/core_cm4.h:2064:26:ITM_SendChar	16	static,ignoring_inline_asm
../Core/Src/main.c:111:7:MQ7_ReadPPM	24	static
../Core/Src/main.c:118:5:__io_putchar	16	static
../Core/Src/main.c:128:5:main	232	static
../Core/Src/main.c:337:6:SystemClock_Config	88	static
../Core/Src/main.c:379:13:MX_ADC1_Init	24	static
../Core/Src/main.c:431:13:MX_I2C1_Init	8	static
../Core/Src/main.c:465:13:MX_SPI1_Init	8	static
../Core/Src/main.c:503:13:MX_TIM2_Init	32	static
../Core/Src/main.c:548:13:MX_GPIO_Init	48	static
../Core/Src/main.c:601:9:MPU6050_TestConnection	32	static
../Core/Src/main.c:612:5:_write	32	static
../Core/Src/main.c:627:6:Error_Handler	4	static,ignoring_inline_asm
