../Drivers/CMSIS/Include/core_cm4.h:2064:26:ITM_SendChar	4
../Core/Src/main.c:111:7:MQ7_ReadPPM	1
../Core/Src/main.c:118:5:__io_putchar	1
../Core/Src/main.c:128:5:main	17
../Core/Src/main.c:337:6:SystemClock_Config	3
../Core/Src/main.c:379:13:MX_ADC1_Init	3
../Core/Src/main.c:431:13:MX_I2C1_Init	2
../Core/Src/main.c:465:13:MX_SPI1_Init	2
../Core/Src/main.c:503:13:MX_TIM2_Init	4
../Core/Src/main.c:548:13:MX_GPIO_Init	1
../Core/Src/main.c:601:9:MPU6050_TestConnection	3
../Core/Src/main.c:612:5:_write	2
../Core/Src/main.c:627:6:Error_Handler	1
